// Jest Snapshot v1, https://goo.gl/fbAQLP

exports[`renders a the box 1`] = `
<View
  style={
    Object {
      "bottom": 0,
      "flexDirection": "row",
      "height": 80,
      "position": "absolute",
      "zIndex": 2,
    }
  }
>
  <TextInput
    onChangeText={[Function]}
    onSubmitEditing={[Function]}
    placeholder="Type an SMS message"
    returnKeyType="send"
    style={
      Object {
        "height": 50,
        "marginRight": -40,
        "width": 750,
      }
    }
  />
  <View
    accessibilityComponentType={undefined}
    accessibilityLabel={undefined}
    accessibilityTraits={undefined}
    accessible={true}
    hasTVPreferredFocus={undefined}
    hitSlop={undefined}
    isTVSelectable={true}
    nativeID={undefined}
    onLayout={undefined}
    onResponderGrant={[Function]}
    onResponderMove={[Function]}
    onResponderRelease={[Function]}
    onResponderTerminate={[Function]}
    onResponderTerminationRequest={[Function]}
    onStartShouldSetResponder={[Function]}
    style={
      Array [
        Object {
          "backgroundColor": "transparent",
        },
        Object {
          "height": 50,
          "paddingRight": 15,
          "paddingTop": 10,
        },
      ]
    }
    testID={undefined}
    tvParallaxProperties={undefined}
  >
    <Text
      accessible={true}
      allowFontScaling={false}
      disabled={false}
      ellipsizeMode="tail"
      style={
        Array [
          Object {
            "color": "#aaa",
            "fontSize": 24,
          },
          Array [
            Object {
              "backgroundColor": "transparent",
            },
            undefined,
          ],
          Object {
            "fontFamily": "Material Icons",
            "fontStyle": "normal",
            "fontWeight": "normal",
          },
        ]
      }
    >
      î…£
    </Text>
  </View>
</View>
`;
